{
    "3_1330130478314217474": {
        "type": "photo",
        "media_key": "3_1330130478314217474",
        "height": 787,
        "width": 1179,
        "url": "https://pbs.twimg.com/media/EnWSn2jW4AILwe8.jpg"
    },
    "3_1330130488502210564": {
        "type": "photo",
        "media_key": "3_1330130488502210564",
        "height": 881,
        "width": 1178,
        "url": "https://pbs.twimg.com/media/EnWSocgXUAQ1KSp.jpg"
    },
    "3_1330130527937056779": {
        "width": 900,
        "height": 1200,
        "type": "photo",
        "url": "https://pbs.twimg.com/media/EnWSqvaXUAsOC_h.jpg",
        "media_key": "3_1330130527937056779"
    },
    "3_1330130517140922368": {
        "width": 1200,
        "height": 1200,
        "type": "photo",
        "url": "https://pbs.twimg.com/media/EnWSqHMXYAA6xmI.jpg",
        "media_key": "3_1330130517140922368"
    },
    "3_1330130547272790016": {
        "width": 900,
        "height": 1200,
        "type": "photo",
        "url": "https://pbs.twimg.com/media/EnWSr3cXMAAVZbQ.jpg",
        "media_key": "3_1330130547272790016"
    },
    "3_1330130539026788352": {
        "width": 900,
        "height": 1200,
        "type": "photo",
        "url": "https://pbs.twimg.com/media/EnWSrYuXMAAqsTp.jpg",
        "media_key": "3_1330130539026788352"
    },
    "3_1330131383369523200": {
        "width": 1171,
        "height": 1171,
        "type": "photo",
        "url": "https://pbs.twimg.com/media/EnWTciJW4AAL_Lz.jpg",
        "media_key": "3_1330131383369523200"
    },
    "3_1330131371872935939": {
        "width": 1154,
        "height": 1154,
        "type": "photo",
        "url": "https://pbs.twimg.com/media/EnWTb3UW4AM0HBl.jpg",
        "media_key": "3_1330131371872935939"
    },
    "3_1330131570435493891": {
        "width": 680,
        "height": 940,
        "type": "photo",
        "url": "https://pbs.twimg.com/media/EnWTnbBXEAMCBHI.jpg",
        "media_key": "3_1330131570435493891"
    },
    "3_1330131564475412487": {
        "width": 693,
        "height": 942,
        "type": "photo",
        "url": "https://pbs.twimg.com/media/EnWTnE0XcAcA7oZ.jpg",
        "media_key": "3_1330131564475412487"
    },
    "3_1330131658528448513": {
        "width": 1199,
        "height": 1200,
        "type": "photo",
        "url": "https://pbs.twimg.com/media/EnWTsjMW4AEKL_V.jpg",
        "media_key": "3_1330131658528448513"
    },
    "3_1330131645123469312": {
        "width": 1200,
        "height": 1200,
        "type": "photo",
        "url": "https://pbs.twimg.com/media/EnWTrxQXIAAbmMI.jpg",
        "media_key": "3_1330131645123469312"
    },
    "3_1330131901818998786": {
        "width": 900,
        "height": 1200,
        "type": "photo",
        "url": "https://pbs.twimg.com/media/EnWT6thWEAIMHPH.jpg",
        "media_key": "3_1330131901818998786"
    },
    "3_1330131893673725954": {
        "width": 941,
        "height": 1225,
        "type": "photo",
        "url": "https://pbs.twimg.com/media/EnWT6PLXEAIHzg5.jpg",
        "media_key": "3_1330131893673725954"
    },
    "3_1330131981724758018": {
        "width": 900,
        "height": 1200,
        "type": "photo",
        "url": "https://pbs.twimg.com/media/EnWT_XMXMAIZdcK.jpg",
        "media_key": "3_1330131981724758018"
    },
    "3_1330131975504613383": {
        "width": 1040,
        "height": 629,
        "type": "photo",
        "url": "https://pbs.twimg.com/media/EnWT_ABXUAcnl3E.jpg",
        "media_key": "3_1330131975504613383"
    },
    "3_1330132040973492225": {
        "width": 624,
        "height": 800,
        "type": "photo",
        "url": "https://pbs.twimg.com/media/EnWUCz6XIAEUBxE.jpg",
        "media_key": "3_1330132040973492225"
    },
    "3_1330132035822882825": {
        "width": 771,
        "height": 824,
        "type": "photo",
        "url": "https://pbs.twimg.com/media/EnWUCguXEAkO_rz.jpg",
        "media_key": "3_1330132035822882825"
    },
    "3_1330132091275763714": {
        "width": 598,
        "height": 847,
        "type": "photo",
        "url": "https://pbs.twimg.com/media/EnWUFvTW4AIKKNf.jpg",
        "media_key": "3_1330132091275763714"
    },
    "3_1330132086632689668": {
        "width": 601,
        "height": 845,
        "type": "photo",
        "url": "https://pbs.twimg.com/media/EnWUFeAXMAQ6PLN.jpg",
        "media_key": "3_1330132086632689668"
    },
    "3_1330132587055116289": {
        "width": 830,
        "height": 1199,
        "type": "photo",
        "url": "https://pbs.twimg.com/media/EnWUimOXcAEiyYU.jpg",
        "media_key": "3_1330132587055116289"
    },
    "3_1330132580268724228": {
        "width": 1129,
        "height": 687,
        "type": "photo",
        "url": "https://pbs.twimg.com/media/EnWUiM8XUAQ--Kg.jpg",
        "media_key": "3_1330132580268724228"
    },
    "3_1330132572400197633": {
        "width": 922,
        "height": 689,
        "type": "photo",
        "url": "https://pbs.twimg.com/media/EnWUhvoXIAE77fj.jpg",
        "media_key": "3_1330132572400197633"
    }
}
