{
    "data": [
        {
            "author_id": "1038096516727099393",
            "id": "1329854762926432257",
            "attachments": {
                "media_keys": [
                    "7_1329854688712421377"
                ]
            },
            "text": "I’VE HAD AN AWAKENING\nAllow me to introduce my crystals. \nA thread: https://t.co/p5RKjmzi8d",
            "conversation_id": "1329854762926432257",
            "lang": "en",
            "created_at": "2020-11-20T18:30:57.000Z"
        },
        {
            "author_id": "1038096516727099393",
            "created_at": "2020-11-20T18:31:29.000Z",
            "referenced_tweets": [
                {
                    "type": "replied_to",
                    "id": "1329854762926432257"
                }
            ],
            "id": "1329854896510816260",
            "conversation_id": "1329854762926432257",
            "lang": "en",
            "text": "This is my Amethyst. It enhances higher states of consciousness. Now my inner voice has an inner voice. https://t.co/iuAtjaMkCH",
            "attachments": {
                "media_keys": [
                    "3_1329854888151556097"
                ]
            }
        },
        {
            "author_id": "1038096516727099393",
            "created_at": "2020-11-20T18:32:03.000Z",
            "referenced_tweets": [
                {
                    "type": "replied_to",
                    "id": "1329854896510816260"
                }
            ],
            "id": "1329855040337620997",
            "conversation_id": "1329854762926432257",
            "lang": "en",
            "text": "This is my Quartz Point. It draws energy towards or away from my body. I like to hold this one and stare directly into the sun. https://t.co/LBO20po2G7",
            "attachments": {
                "media_keys": [
                    "3_1329855032871837697"
                ]
            }
        },
        {
            "author_id": "1038096516727099393",
            "created_at": "2020-11-20T18:32:57.000Z",
            "referenced_tweets": [
                {
                    "type": "replied_to",
                    "id": "1329855040337620997"
                }
            ],
            "id": "1329855264409985026",
            "conversation_id": "1329854762926432257",
            "lang": "en",
            "text": "This is actually just a rock. No special powers, but with a trained ear and a decent imagination you can hear the ocean. https://t.co/I0359GcZz1",
            "attachments": {
                "media_keys": [
                    "3_1329855257300623361"
                ]
            }
        },
        {
            "author_id": "1038096516727099393",
            "created_at": "2020-11-20T18:34:14.000Z",
            "referenced_tweets": [
                {
                    "type": "replied_to",
                    "id": "1329855264409985026"
                }
            ],
            "id": "1329855590546464769",
            "conversation_id": "1329854762926432257",
            "lang": "en",
            "text": "This is my Green Aventurine. It heals, comforts, and protects the heart. I’ll use this one after each Bachelorette rose ceremony to help mend the broken hearts (Not you, Chasen. Get lost.) https://t.co/GoLbLS0hk3",
            "attachments": {
                "media_keys": [
                    "3_1329855582296305664"
                ]
            }
        },
        {
            "author_id": "1038096516727099393",
            "created_at": "2020-11-20T18:35:02.000Z",
            "referenced_tweets": [
                {
                    "type": "replied_to",
                    "id": "1329855590546464769"
                }
            ],
            "id": "1329855788962209803",
            "conversation_id": "1329854762926432257",
            "lang": "en",
            "text": "This is my Rose Quartz. It purifies and opens the heart to unconditional love. Very salty, would not recommend licking this one. https://t.co/rjknXMmphN",
            "attachments": {
                "media_keys": [
                    "3_1329855780724633601"
                ]
            }
        },
        {
            "author_id": "1038096516727099393",
            "created_at": "2020-11-20T18:36:00.000Z",
            "referenced_tweets": [
                {
                    "type": "replied_to",
                    "id": "1329855788962209803"
                }
            ],
            "id": "1329856032600977408",
            "conversation_id": "1329854762926432257",
            "lang": "en",
            "text": "These are my Red Jasper, Carnelian, and Tiger’s Eye. These support strength, courage, and willpower. I use them as my juggling crystals. https://t.co/vxzN3gQIlr",
            "attachments": {
                "media_keys": [
                    "7_1329856012682207233"
                ]
            }
        },
        {
            "author_id": "1038096516727099393",
            "created_at": "2020-11-20T18:36:38.000Z",
            "referenced_tweets": [
                {
                    "type": "replied_to",
                    "id": "1329856032600977408"
                }
            ],
            "id": "1329856190977892353",
            "conversation_id": "1329854762926432257",
            "lang": "en",
            "text": "And finally my prized crystal, my Sodalite. This promotes self-expression, confidence, and trust. I put this directly between my eyes to maximize its power. \nWithout it, I am nothing. \nWith it, I am Gritty. https://t.co/yLVNvpijzr",
            "attachments": {
                "media_keys": [
                    "3_1329856183415545856"
                ]
            }
        },
        {
            "author_id": "1038096516727099393",
            "created_at": "2020-11-20T18:37:25.000Z",
            "referenced_tweets": [
                {
                    "type": "replied_to",
                    "id": "1329854896510816260"
                }
            ],
            "id": "1329856391138381829",
            "conversation_id": "1329854762926432257",
            "lang": "en",
            "text": "I learned on one of those nature docs that the pioneers used to ride these babies for miles."
        }
    ],
    "includes": {
        "media": [
            {
                "duration_ms": 29733,
                "width": 1280,
                "preview_image_url": "https://pbs.twimg.com/ext_tw_video_thumb/1329854688712421377/pu/img/49at81bGnIjgzQSR.jpg",
                "type": "video",
                "height": 720,
                "media_key": "7_1329854688712421377",
                "variants": [
                    {
                        "bitrate": 2176000,
                        "content_type": "video/mp4",
                        "url": "https://video.twimg.com/ext_tw_video/1329854688712421377/pu/vid/1280x720/lfZjIJcI5W0t2bkf.mp4?tag=10"
                    },
                    {
                        "bitrate": 832000,
                        "content_type": "video/mp4",
                        "url": "https://video.twimg.com/ext_tw_video/1329854688712421377/pu/vid/640x360/lmDHmp63Dgw8-btR.mp4?tag=10"
                    },
                    {
                        "bitrate": 256000,
                        "content_type": "video/mp4",
                        "url": "https://video.twimg.com/ext_tw_video/1329854688712421377/pu/vid/480x270/LlyyFFXGgsm6xu0O.mp4?tag=10"
                    },
                    {
                        "content_type": "application/x-mpegURL",
                        "url": "https://video.twimg.com/ext_tw_video/1329854688712421377/pu/pl/ZnAjpxvok9KCq0Ky.m3u8?tag=10"
                    }
                ]
            },
            {
                "type": "photo",
                "height": 1550,
                "media_key": "3_1329854888151556097",
                "width": 2048,
                "url": "https://pbs.twimg.com/media/EnSX-ZMXIAEakWB.jpg"
            },
            {
                "type": "photo",
                "height": 1536,
                "media_key": "3_1329855032871837697",
                "width": 2048,
                "url": "https://pbs.twimg.com/media/EnSYG0UXYAEzzcW.jpg"
            },
            {
                "type": "photo",
                "height": 2048,
                "media_key": "3_1329855257300623361",
                "width": 1564,
                "url": "https://pbs.twimg.com/media/EnSYT4YW4AExdMR.jpg"
            },
            {
                "type": "photo",
                "height": 1738,
                "media_key": "3_1329855582296305664",
                "width": 2048,
                "url": "https://pbs.twimg.com/media/EnSYmzFXcAA794V.jpg"
            },
            {
                "type": "photo",
                "height": 1486,
                "media_key": "3_1329855780724633601",
                "width": 2048,
                "url": "https://pbs.twimg.com/media/EnSYyWSXcAEH2Gc.jpg"
            },
            {
                "type": "video",
                "preview_image_url": "https://pbs.twimg.com/ext_tw_video_thumb/1329856012682207233/pu/img/xw5Ckv458HiMWyqZ.jpg",
                "duration_ms": 9335,
                "height": 560,
                "media_key": "7_1329856012682207233",
                "width": 960,
                "variants": [
                    {
                        "bitrate": 2176000,
                        "content_type": "video/mp4",
                        "url": "https://video.twimg.com/ext_tw_video/1329856012682207233/pu/vid/960x560/AqNPqZpEB9GZBQyh.mp4?tag=10"
                    },
                    {
                        "bitrate": 256000,
                        "content_type": "video/mp4",
                        "url": "https://video.twimg.com/ext_tw_video/1329856012682207233/pu/vid/462x270/cT8TabDdxq9TKBWH.mp4?tag=10"
                    },
                    {
                        "content_type": "application/x-mpegURL",
                        "url": "https://video.twimg.com/ext_tw_video/1329856012682207233/pu/pl/jHEl_WzMYNVYSayd.m3u8?tag=10"
                    },
                    {
                        "bitrate": 832000,
                        "content_type": "video/mp4",
                        "url": "https://video.twimg.com/ext_tw_video/1329856012682207233/pu/vid/616x360/5RfK3iiOQTKnruh7.mp4?tag=10"
                    }
                ]
            },
            {
                "type": "photo",
                "height": 2048,
                "media_key": "3_1329856183415545856",
                "width": 1428,
                "url": "https://pbs.twimg.com/media/EnSZJybXIAATMx1.jpg"
            }
        ],
        "users": [
            {
                "id": "1038096516727099393",
                "name": "Gritty",
                "username": "GrittyNHL"
            },
            {
                "id": "1038096516727099393",
                "name": "Gritty",
                "username": "GrittyNHL"
            }
        ]
    },
    "replies_meta": {
        "newest_id": "1329856391138381829",
        "oldest_id": "1329854896510816260",
        "result_count": 8
    }
}
